
  .   ____          _            __ _ _
 /\\ / ___'_ __ _ _(_)_ __  __ _ \ \ \ \
( ( )\___ | '_ | '_| | '_ \/ _` | \ \ \ \
 \\/  ___)| |_)| | | | | || (_| |  ) ) ) )
  '  |____| .__|_| |_|_| |_\__, | / / / /
 =========|_|==============|___/=/_/_/_/

 :: Spring Boot ::                (v4.0.0)

2026-03-05T20:45:39.964+07:00  INFO 24900 --- [aipa] [           main] com.example.aipa.AipaApplication         : Starting AipaApplication v0.0.1-SNAPSHOT using Java 25.0.1 with PID 24900 (C:\Users\kamit\Desktop\AIPA\AIPA_App\app\aipa-0.0.1-SNAPSHOT.jar started by kamit in C:\Users\kamit\Desktop\AIPA\AIPA_App)
2026-03-05T20:45:39.972+07:00  INFO 24900 --- [aipa] [           main] com.example.aipa.AipaApplication         : No active profile set, falling back to 1 default profile: "default"
2026-03-05T20:45:41.249+07:00  INFO 24900 --- [aipa] [           main] .s.d.r.c.RepositoryConfigurationDelegate : Bootstrapping Spring Data JPA repositories in DEFAULT mode.
2026-03-05T20:45:41.326+07:00  INFO 24900 --- [aipa] [           main] .s.d.r.c.RepositoryConfigurationDelegate : Finished Spring Data repository scanning in 62 ms. Found 2 JPA repository interfaces.
2026-03-05T20:45:42.330+07:00  INFO 24900 --- [aipa] [           main] o.s.boot.tomcat.TomcatWebServer          : Tomcat initialized with port 8080 (http)
2026-03-05T20:45:42.379+07:00  INFO 24900 --- [aipa] [           main] o.apache.catalina.core.StandardService   : Starting service [Tomcat]
2026-03-05T20:45:42.382+07:00  INFO 24900 --- [aipa] [           main] o.apache.catalina.core.StandardEngine    : Starting Servlet engine: [Apache Tomcat/11.0.14]
2026-03-05T20:45:42.456+07:00  INFO 24900 --- [aipa] [           main] b.w.c.s.WebApplicationContextInitializer : Root WebApplicationContext: initialization completed in 2389 ms
2026-03-05T20:45:42.745+07:00  INFO 24900 --- [aipa] [           main] o.hibernate.jpa.internal.util.LogHelper  : HHH000204: Processing PersistenceUnitInfo [name: default]
2026-03-05T20:45:42.933+07:00  INFO 24900 --- [aipa] [           main] org.hibernate.Version                    : HHH000412: Hibernate ORM core version 7.1.8.Final
2026-03-05T20:45:43.747+07:00  INFO 24900 --- [aipa] [           main] o.s.o.j.p.SpringPersistenceUnitInfo      : No LoadTimeWeaver setup: ignoring JPA class transformer
2026-03-05T20:45:43.796+07:00  INFO 24900 --- [aipa] [           main] com.zaxxer.hikari.HikariDataSource       : HikariPool-1 - Starting...
2026-03-05T20:45:44.196+07:00  INFO 24900 --- [aipa] [           main] com.zaxxer.hikari.pool.HikariPool        : HikariPool-1 - Added connection conn1: url=jdbc:h2:file:C:\Users\kamit/.aipa/data/aipa user=SA
2026-03-05T20:45:44.199+07:00  INFO 24900 --- [aipa] [           main] com.zaxxer.hikari.HikariDataSource       : HikariPool-1 - Start completed.
2026-03-05T20:45:44.249+07:00  INFO 24900 --- [aipa] [           main] org.hibernate.orm.connections.pooling    : HHH10001005: Database info:
	Database JDBC URL [jdbc:h2:file:C:\Users\kamit/.aipa/data/aipa]
	Database driver: H2 JDBC Driver
	Database dialect: H2Dialect
	Database version: 2.4.240
	Default catalog/schema: AIPA/PUBLIC
	Autocommit mode: undefined/unknown
	Isolation level: READ_COMMITTED [default READ_COMMITTED]
	JDBC fetch size: 100
	Pool: DatasourceConnectionProviderImpl
	Minimum pool size: undefined/unknown
	Maximum pool size: undefined/unknown
2026-03-05T20:45:45.396+07:00  INFO 24900 --- [aipa] [           main] o.h.e.t.j.p.i.JtaPlatformInitiator       : HHH000489: No JTA platform available (set 'hibernate.transaction.jta.platform' to enable JTA platform integration)
2026-03-05T20:45:45.455+07:00  INFO 24900 --- [aipa] [           main] j.LocalContainerEntityManagerFactoryBean : Initialized JPA EntityManagerFactory for persistence unit 'default'
2026-03-05T20:45:45.542+07:00  INFO 24900 --- [aipa] [           main] o.s.d.j.r.query.QueryEnhancerFactories   : Hibernate is in classpath; If applicable, HQL parser will be used.
2026-03-05T20:45:46.459+07:00  INFO 24900 --- [aipa] [           main] eAuthenticationProviderManagerConfigurer : Global AuthenticationManager configured with AuthenticationProvider bean with name authenticationProvider
2026-03-05T20:45:46.460+07:00  WARN 24900 --- [aipa] [           main] r$InitializeUserDetailsManagerConfigurer : Global AuthenticationManager configured with an AuthenticationProvider bean. UserDetailsService beans will not be used by Spring Security for automatically configuring username/password login. Consider removing the AuthenticationProvider bean. Alternatively, consider using the UserDetailsService in a manually instantiated DaoAuthenticationProvider. If the current configuration is intentional, to turn off this warning, increase the logging level of 'org.springframework.security.config.annotation.authentication.configuration.InitializeUserDetailsBeanManagerConfigurer' to ERROR
2026-03-05T20:45:46.561+07:00  WARN 24900 --- [aipa] [           main] JpaBaseConfiguration$JpaWebConfiguration : spring.jpa.open-in-view is enabled by default. Therefore, database queries may be performed during view rendering. Explicitly configure spring.jpa.open-in-view to disable this warning
2026-03-05T20:45:46.885+07:00  INFO 24900 --- [aipa] [           main] o.s.b.w.a.WelcomePageHandlerMapping      : Adding welcome page: URL [file:app/client/index.html]
2026-03-05T20:45:47.415+07:00  INFO 24900 --- [aipa] [           main] o.s.boot.tomcat.TomcatWebServer          : Tomcat started on port 8080 (http) with context path '/'
2026-03-05T20:45:47.431+07:00  INFO 24900 --- [aipa] [           main] com.example.aipa.AipaApplication         : Started AipaApplication in 8.418 seconds (process running for 9.65)
2026-03-05T20:45:47.448+07:00  INFO 24900 --- [aipa] [           main] c.e.aipa.desktop.DesktopModeLauncher     : Started aipa_controll from C:\Users\kamit\Desktop\AIPA\AIPA_App\app\controll\run_aipa_all.bat
2026-03-05T20:45:47.455+07:00  INFO 24900 --- [aipa] [           main] c.e.aipa.desktop.DesktopModeLauncher     : Opened desktop app window via Edge app mode: http://127.0.0.1:8080
2026-03-05T20:45:47.515+07:00  INFO 24900 --- [aipa] [aipa-ui-watcher] c.e.aipa.desktop.DesktopModeLauncher     : Desktop window was closed. Stopping AIPA services.
2026-03-05T20:45:47.563+07:00  INFO 24900 --- [aipa] [pa-log-controll] c.e.aipa.desktop.DesktopModeLauncher     : [controll] [INFO] Dang tao lai Python venv cho may hien tai...
2026-03-05T20:45:47.753+07:00  INFO 24900 --- [aipa] [nio-8080-exec-1] o.a.c.c.C.[Tomcat].[localhost].[/]       : Initializing Spring DispatcherServlet 'dispatcherServlet'
2026-03-05T20:45:47.754+07:00  INFO 24900 --- [aipa] [nio-8080-exec-1] o.s.web.servlet.DispatcherServlet        : Initializing Servlet 'dispatcherServlet'
2026-03-05T20:45:47.757+07:00  INFO 24900 --- [aipa] [nio-8080-exec-1] o.s.web.servlet.DispatcherServlet        : Completed initialization in 2 ms
2026-03-05T20:45:47.884+07:00  INFO 24900 --- [aipa] [aipa-ui-watcher] c.e.aipa.desktop.DesktopModeLauncher     : Stopped controll process tree (pid=13928)
2026-03-05T20:45:47.893+07:00  INFO 24900 --- [aipa] [aipa-ui-watcher] o.s.boot.tomcat.GracefulShutdown         : Commencing graceful shutdown. Waiting for active requests to complete
2026-03-05T20:45:47.964+07:00  INFO 24900 --- [aipa] [tomcat-shutdown] o.s.boot.tomcat.GracefulShutdown         : Graceful shutdown complete
2026-03-05T20:45:47.970+07:00  INFO 24900 --- [aipa] [aipa-ui-watcher] j.LocalContainerEntityManagerFactoryBean : Closing JPA EntityManagerFactory for persistence unit 'default'
2026-03-05T20:45:47.974+07:00  INFO 24900 --- [aipa] [aipa-ui-watcher] com.zaxxer.hikari.HikariDataSource       : HikariPool-1 - Shutdown initiated...
2026-03-05T20:45:47.978+07:00  INFO 24900 --- [aipa] [aipa-ui-watcher] com.zaxxer.hikari.HikariDataSource       : HikariPool-1 - Shutdown completed.
